<!DOCTYPE html>
<html>

<head>
  <link type="text/css" rel="stylesheet" href="index.css" />
</head>

<body>
</body>

</html>
