<!DOCTYPE html>
<html>

<body>
	
	<link rel="stylesheet" type="text/css" href="index.css" />
</body>

</html>
