<!DOCTYPE html>
<html>

<body>
  <pre><code class="lang-html">  &lt;div&gt; this is a markdown &lt;/div&gt;
</code></pre>

</body>

</html>
