<!DOCTYPE html><html><body><div class="blah"><h1>A fixed content</h1><div>after this is inside content</div><h1>Say hello to a new World</h1><h1>Say hello to a new World after that one</h1>this will be placed inside content<div>after this is not anymore inside content</div></div></body></html>