<!DOCTYPE html><html><body><div class="grid"><div class="row"><div class="col s1"></div></div></div></body></html>