<!DOCTYPE html>
<html>

<head>
  <link href="text.css" type="text/css" rel="stylesheet" / />
</head>

<body>

</body>

</html>
