<!DOCTYPE html>
<html>

<body>
	<link rel="stylesheet" type="text/css" href="/assets/css/index.css" />
</body>

</html>
