<!DOCTYPE html><html><body><div class="blah"><h1>A fixed content</h1><div>all h1.t2</div><h1 class="t2">first h1.t2 outside div</h1><h1 class="t2">second h1.t2 outside div</h1><div>all h1 not t2</div><h1>first h1 outside div</h1><h1>second h1 outside div</h1><div>all remainig content</div>content not inside any tag<div>div content<h1>h1 inside div content</h1><h1 class="t2">h1.t2 inside div content</h1></div></div></body></html>
