<!DOCTYPE html>
<script src="app.js"></script>
<html>

<body>
</body>

</html>
