<!DOCTYPE html><html><body><div class="simple-component substitute-blah" merged-empty-attribute="" merged-nonempty-attribute="a value">this is simple-component<div><h1>before simple-component-internal</h1><div class="simple-component-internal">this is simple-component-internal<h1>simple-component-internal h1</h1></div>after simple-component-internal</div></div></body></html>