<!DOCTYPE html>
<html>

<body>
	<div class="simple-component-2"></div>

	<div class="simple-component"></div>

</body>

</html>
