<!DOCTYPE html><html><body><head><style type="text/css">.a-default-class-in-layout {}</style><link type="text/css" rel="sylesheet" href="index.css"><title>Title test 2</title></head><div>Test 2</div><script type="text/javascript" src="index.js"></script></body></html>