<!DOCTYPE html><html><body><div>Test 1</div></body></html>