<!DOCTYPE html>
<html>

<body>
	<link rel="stylesheet" type="text/css" href="index.css" />

	<!-- build:js index_replaced.js -->
	<link rel="stylesheet" type="text/css" href="index_not_replaced.js" />
	<!-- /build -->
</body>

</html>
