<!DOCTYPE html><html><body><title>No Razor changes in this file!</title></body></html>