<!DOCTYPE html><html><body><title>This File has a model!</title></body></html>