<!DOCTYPE html><html><body><div class="blah substitute-blah" merged-empty-attribute merged-empty-attribute2 merged-nonempty-attribute="a value"></div></body></html>